


ARM Macro Assembler    Page 1 


    1 00000000                 AREA             NoOfNegNo,CODE,READONLY
    2 00000000                 EXPORT           start1
    3 00000000         start1
    4 00000000 4806            LDR              R0,=0X10000050
    5 00000002 F04F 010A       MOV              R1,#10
    6 00000006 F04F 0300       MOV              R3,#00
    7 0000000A         LOOP
    8 0000000A F850 2B04       LDR              R2,[R0],#4
    9 0000000E 0012            MOVS             R2,R2
   10 00000010 BF48 3301       ADDMI            R3,#1
   11 00000014 3901            SUBS             R1,#1
   12 00000016 D1F8            BNE              LOOP
   13 00000018 E7FE    STOP    B                STOP
   14 0000001A                 END
              00 00 10000050 
Command Line: --debug --xref --diag_suppress=9931 --cpu=Cortex-M3 --apcs=interw
ork --depend=.\objects\noofnegno.d -o.\objects\noofnegno.o -I.\RTE\_Target_1 -I
"C:\Users\My PC\AppData\Local\Arm\Packs\Keil\LPC1700_DFP\2.7.1\Device\Include" 
-IC:\Keil_v5\ARM\CMSIS\Include --predefine="__EVAL SETA 1" --predefine="__UVISI
ON_VERSION SETA 527" --predefine="LPC175x_6x SETA 1" --list=.\listings\noofnegn
o.lst NoOfNegNo.s



ARM Macro Assembler    Page 1 Alphabetic symbol ordering
Relocatable symbols

LOOP 0000000A

Symbol: LOOP
   Definitions
      At line 7 in file NoOfNegNo.s
   Uses
      At line 12 in file NoOfNegNo.s
Comment: LOOP used once
NoOfNegNo 00000000

Symbol: NoOfNegNo
   Definitions
      At line 1 in file NoOfNegNo.s
   Uses
      None
Comment: NoOfNegNo unused
STOP 00000018

Symbol: STOP
   Definitions
      At line 13 in file NoOfNegNo.s
   Uses
      At line 13 in file NoOfNegNo.s
Comment: STOP used once
start1 00000000

Symbol: start1
   Definitions
      At line 3 in file NoOfNegNo.s
   Uses
      At line 2 in file NoOfNegNo.s
Comment: start1 used once
4 symbols
339 symbols in table
