<html>
<body>
<pre>
<h1>µVision Build Log</h1>
<h2>Tool Versions:</h2>
IDE-Version: µVision V5.27.1.0
Copyright (C) 2019 ARM Ltd and ARM Germany GmbH. All rights reserved.
License Information: hemanth ks, none, LIC=----
 
Tool Versions:
Toolchain:       MDK-Lite  Version: 5.34.0.0
Toolchain Path:  C:\Keil_v5\ARM\ARMCC\Bin
C Compiler:      Armcc.exe V5.06 update 7 (build 960)
Assembler:       Armasm.exe V5.06 update 7 (build 960)
Linker/Locator:  ArmLink.exe V5.06 update 7 (build 960)
Library Manager: ArmAr.exe V5.06 update 7 (build 960)
Hex Converter:   FromElf.exe V5.06 update 7 (build 960)
CPU DLL:         SARMCM3.DLL V5.34.0.0
Dialog DLL:      DCM.DLL V1.17.3.0
Target DLL:      UL2CM3.DLL V1.163.9.0
Dialog DLL:      TCM.DLL V1.48.0.0
 
<h2>Project:</h2>
F:\github\ArmProgram\Assembly\AsmPrgrams.uvprojx
Project File Date:  01/05/2023

<h2>Output:</h2>
*** Using Compiler 'V5.06 update 7 (build 960)', folder: 'C:\Keil_v5\ARM\ARMCC\Bin'
Rebuild target 'Target 1'
assembling start_up_alp.s...
assembling NoOfNegNo.s...
NoOfNegNo.s(14): warning: A1581W: Added 2 bytes of padding at address 0x1a
linking...
Program Size: Code=564 RO-data=204 RW-data=0 ZI-data=512  
FromELF: creating hex file...
".\Objects\AsmPrgrams.axf" - 0 Error(s), 1 Warning(s).

<h2>Software Packages used:</h2>

Package Vendor: Keil
                http://www.keil.com/pack/Keil.LPC1700_DFP.2.7.1.pack
                Keil.LPC1700_DFP.2.7.1
                NXP LPC1700 Series Device Support, Drivers and Examples for MCB1700 and LPC1788-32

<h2>Collection of Component include folders:</h2>
  .\RTE\_Target_1
  C:\Users\My PC\AppData\Local\Arm\Packs\Keil\LPC1700_DFP\2.7.1\Device\Include

<h2>Collection of Component Files used:</h2>
Build Time Elapsed:  00:00:01
</pre>
</body>
</html>
